127.0.0.1 - - [26/Sep/2019:09:12:51 +0900] "GET / HTTP/1.1" 404 1074
0:0:0:0:0:0:0:1 - - [26/Sep/2019:09:12:51 +0900] "GET /Ch02_Servlet/sport.html HTTP/1.1" 304 -
0:0:0:0:0:0:0:1 - - [26/Sep/2019:09:12:52 +0900] "GET /favicon.ico HTTP/1.1" 404 1085
127.0.0.1 - - [26/Sep/2019:09:29:17 +0900] "GET / HTTP/1.1" 404 1074
0:0:0:0:0:0:0:1 - - [26/Sep/2019:09:29:17 +0900] "GET /Ch02_Servlet/servlet1/sport.html HTTP/1.1" 200 745
0:0:0:0:0:0:0:1 - - [26/Sep/2019:09:29:20 +0900] "GET /Ch02_Servlet/servlet1/sport?%EC%A2%8B%EC%95%84%ED%95%98%EB%8A%94+%EC%9A%B4%EB%8F%99=%EC%B6%95%EA%B5%AC&%EC%84%B1%EB%B3%84=%EC%97%AC%EC%9E%90 HTTP/1.1" 404 1109
127.0.0.1 - - [26/Sep/2019:09:30:35 +0900] "GET / HTTP/1.1" 404 1074
0:0:0:0:0:0:0:1 - - [26/Sep/2019:09:30:38 +0900] "GET /Ch02_Servlet/servlet1/sport?%EC%A2%8B%EC%95%84%ED%95%98%EB%8A%94+%EC%9A%B4%EB%8F%99=%EC%B6%95%EA%B5%AC&%EC%84%B1%EB%B3%84=%EC%97%AC%EC%9E%90 HTTP/1.1" 404 1109
127.0.0.1 - - [26/Sep/2019:09:31:04 +0900] "GET / HTTP/1.1" 404 1074
0:0:0:0:0:0:0:1 - - [26/Sep/2019:09:31:09 +0900] "GET /Ch02_Servlet/servlet1/sport?%EC%A2%8B%EC%95%84%ED%95%98%EB%8A%94+%EC%9A%B4%EB%8F%99=%EC%B6%95%EA%B5%AC&%EC%84%B1%EB%B3%84=%EC%97%AC%EC%9E%90 HTTP/1.1" 404 1109
127.0.0.1 - - [26/Sep/2019:09:31:35 +0900] "GET / HTTP/1.1" 404 1074
0:0:0:0:0:0:0:1 - - [26/Sep/2019:09:31:41 +0900] "GET /Ch02_Servlet/servlet1/sport?%EC%A2%8B%EC%95%84%ED%95%98%EB%8A%94+%EC%9A%B4%EB%8F%99=%EC%B6%95%EA%B5%AC&%EC%84%B1%EB%B3%84=%EC%97%AC%EC%9E%90 HTTP/1.1" 200 85
127.0.0.1 - - [26/Sep/2019:09:32:35 +0900] "GET / HTTP/1.1" 404 1074
0:0:0:0:0:0:0:1 - - [26/Sep/2019:09:32:39 +0900] "GET /Ch02_Servlet/servlet1/sport?%EC%A2%8B%EC%95%84%ED%95%98%EB%8A%94+%EC%9A%B4%EB%8F%99=%EC%B6%95%EA%B5%AC&%EC%A2%8B%EC%95%84%ED%95%98%EB%8A%94+%EC%9A%B4%EB%8F%99=%EB%86%8D%EA%B5%AC&%EC%84%B1%EB%B3%84=%EC%97%AC%EC%9E%90 HTTP/1.1" 200 119
127.0.0.1 - - [26/Sep/2019:09:47:30 +0900] "GET / HTTP/1.1" 404 1074
0:0:0:0:0:0:0:1 - - [26/Sep/2019:09:47:31 +0900] "GET /Ch02_Servlet/Hello HTTP/1.1" 200 -
0:0:0:0:0:0:0:1 - - [26/Sep/2019:09:47:50 +0900] "GET /Ch02_Servlet/Hello HTTP/1.1" 200 -
0:0:0:0:0:0:0:1 - - [26/Sep/2019:09:47:52 +0900] "GET /Ch02_Servlet/Hello HTTP/1.1" 200 -
127.0.0.1 - - [26/Sep/2019:09:49:06 +0900] "GET / HTTP/1.1" 404 1074
127.0.0.1 - - [26/Sep/2019:09:49:25 +0900] "GET / HTTP/1.1" 404 1074
0:0:0:0:0:0:0:1 - - [26/Sep/2019:09:49:25 +0900] "GET /Ch02_Servlet/Hello HTTP/1.1" 200 -
0:0:0:0:0:0:0:1 - - [26/Sep/2019:09:49:27 +0900] "GET /Ch02_Servlet/Hello HTTP/1.1" 200 -
0:0:0:0:0:0:0:1 - - [26/Sep/2019:09:49:28 +0900] "GET /Ch02_Servlet/Hello HTTP/1.1" 200 -
0:0:0:0:0:0:0:1 - - [26/Sep/2019:09:49:28 +0900] "GET /Ch02_Servlet/Hello HTTP/1.1" 200 -
0:0:0:0:0:0:0:1 - - [26/Sep/2019:09:49:28 +0900] "GET /Ch02_Servlet/Hello HTTP/1.1" 200 -
0:0:0:0:0:0:0:1 - - [26/Sep/2019:09:49:29 +0900] "GET /Ch02_Servlet/Hello HTTP/1.1" 200 -
127.0.0.1 - - [26/Sep/2019:10:05:51 +0900] "GET / HTTP/1.1" 404 1074
0:0:0:0:0:0:0:1 - - [26/Sep/2019:10:05:51 +0900] "GET /Ch02_Servlet/login1/login_anno.html HTTP/1.1" 200 531
0:0:0:0:0:0:0:1 - - [26/Sep/2019:10:05:54 +0900] "GET /Ch02_Servlet/login1/login_anno?id=dasfa&pw=waega HTTP/1.1" 200 32
0:0:0:0:0:0:0:1 - - [26/Sep/2019:10:05:58 +0900] "GET /Ch02_Servlet/login1/login_webxml.html HTTP/1.1" 200 533
0:0:0:0:0:0:0:1 - - [26/Sep/2019:10:06:01 +0900] "GET /Ch02_Servlet/login1/login_webxml?id=fdf&pw=edg HTTP/1.1" 200 28
127.0.0.1 - - [26/Sep/2019:10:37:29 +0900] "GET / HTTP/1.1" 404 1074
0:0:0:0:0:0:0:1 - - [26/Sep/2019:10:37:30 +0900] "GET /Ch02_Servlet/ATest HTTP/1.1" 200 -
0:0:0:0:0:0:0:1 - - [26/Sep/2019:10:38:24 +0900] "GET /Ch02_Servlet/test HTTP/1.1" 200 -
0:0:0:0:0:0:0:1 - - [26/Sep/2019:10:38:54 +0900] "GET /Ch02_Servlet/test/Btest HTTP/1.1" 200 -
127.0.0.1 - - [26/Sep/2019:10:39:06 +0900] "GET / HTTP/1.1" 404 1074
0:0:0:0:0:0:0:1 - - [26/Sep/2019:10:39:06 +0900] "GET /Ch02_Servlet/test/BTest HTTP/1.1" 200 -
127.0.0.1 - - [26/Sep/2019:10:39:28 +0900] "GET / HTTP/1.1" 404 1074
0:0:0:0:0:0:0:1 - - [26/Sep/2019:10:39:28 +0900] "GET /Ch02_Servlet/* HTTP/1.1" 200 -
0:0:0:0:0:0:0:1 - - [26/Sep/2019:10:39:37 +0900] "GET /Ch02_Servlet/a HTTP/1.1" 200 -
127.0.0.1 - - [26/Sep/2019:10:40:43 +0900] "GET / HTTP/1.1" 404 1074
0:0:0:0:0:0:0:1 - - [26/Sep/2019:10:40:44 +0900] "GET /Ch02_Servlet/test/BTest HTTP/1.1" 200 -
0:0:0:0:0:0:0:1 - - [26/Sep/2019:10:42:07 +0900] "GET /Ch02_Servlet/ HTTP/1.1" 200 -
0:0:0:0:0:0:0:1 - - [26/Sep/2019:10:44:02 +0900] "GET /Ch02_Servlet/xdg HTTP/1.1" 200 -
0:0:0:0:0:0:0:1 - - [26/Sep/2019:10:44:10 +0900] "GET /Ch02_Servlet/xxx HTTP/1.1" 200 -
0:0:0:0:0:0:0:1 - - [26/Sep/2019:10:44:12 +0900] "GET /Ch02_Servlet/xxx HTTP/1.1" 200 -
0:0:0:0:0:0:0:1 - - [26/Sep/2019:10:44:18 +0900] "GET /Ch02_Servlet/xxxgwe HTTP/1.1" 200 -
0:0:0:0:0:0:0:1 - - [26/Sep/2019:10:44:23 +0900] "GET /Ch02_Servlet/@ HTTP/1.1" 200 -
0:0:0:0:0:0:0:1 - - [26/Sep/2019:10:44:28 +0900] "GET /Ch02_Servlet/$ HTTP/1.1" 200 -
127.0.0.1 - - [26/Sep/2019:11:07:05 +0900] "GET / HTTP/1.1" 404 1074
0:0:0:0:0:0:0:1 - - [26/Sep/2019:11:07:06 +0900] "GET /Ch02_Servlet/memberForm.html HTTP/1.1" 200 -
127.0.0.1 - - [26/Sep/2019:11:08:30 +0900] "GET / HTTP/1.1" 404 1074
0:0:0:0:0:0:0:1 - - [26/Sep/2019:11:08:30 +0900] "GET /Ch02_Servlet/memberForm.html HTTP/1.1" 200 -
0:0:0:0:0:0:0:1 - - [26/Sep/2019:11:09:26 +0900] "GET /Ch02_Servlet/*.do HTTP/1.1" 200 -
0:0:0:0:0:0:0:1 - - [26/Sep/2019:11:09:58 +0900] "GET /Ch02_Servlet/xx.do HTTP/1.1" 200 -
0:0:0:0:0:0:0:1 - - [26/Sep/2019:11:10:25 +0900] "GET /Ch02_Servlet/xx.do HTTP/1.1" 200 -
127.0.0.1 - - [26/Sep/2019:11:10:58 +0900] "GET / HTTP/1.1" 404 1074
0:0:0:0:0:0:0:1 - - [26/Sep/2019:11:10:59 +0900] "GET /Ch02_Servlet/*.do HTTP/1.1" 200 -
0:0:0:0:0:0:0:1 - - [26/Sep/2019:11:11:31 +0900] "GET /Ch02_Servlet/ATest HTTP/1.1" 200 -
0:0:0:0:0:0:0:1 - - [26/Sep/2019:11:11:34 +0900] "GET /Ch02_Servlet/test/BTest HTTP/1.1" 200 -
0:0:0:0:0:0:0:1 - - [26/Sep/2019:11:11:36 +0900] "GET /Ch02_Servlet/* HTTP/1.1" 200 -
0:0:0:0:0:0:0:1 - - [26/Sep/2019:11:11:38 +0900] "GET /Ch02_Servlet/test HTTP/1.1" 200 -
0:0:0:0:0:0:0:1 - - [26/Sep/2019:11:11:40 +0900] "GET /Ch02_Servlet/*.do HTTP/1.1" 200 -
0:0:0:0:0:0:0:1 - - [26/Sep/2019:11:11:48 +0900] "GET /Ch02_Servlet/*.do HTTP/1.1" 200 -
0:0:0:0:0:0:0:1 - - [26/Sep/2019:11:12:59 +0900] "GET /Ch02_Servlet/*.go HTTP/1.1" 200 -
0:0:0:0:0:0:0:1 - - [26/Sep/2019:11:13:02 +0900] "GET /Ch02_Servlet/*.nhn HTTP/1.1" 200 -
127.0.0.1 - - [26/Sep/2019:11:16:31 +0900] "GET / HTTP/1.1" 404 1074
0:0:0:0:0:0:0:1 - - [26/Sep/2019:11:16:31 +0900] "GET /Ch02_Servlet/*.do HTTP/1.1" 200 -
0:0:0:0:0:0:0:1 - - [26/Sep/2019:11:16:34 +0900] "GET /Ch02_Servlet/*.go HTTP/1.1" 200 -
127.0.0.1 - - [26/Sep/2019:11:16:59 +0900] "GET / HTTP/1.1" 404 1074
0:0:0:0:0:0:0:1 - - [26/Sep/2019:11:16:59 +0900] "GET /Ch02_Servlet/*.go HTTP/1.1" 200 -
0:0:0:0:0:0:0:1 - - [26/Sep/2019:11:17:01 +0900] "GET /Ch02_Servlet/*.nhn HTTP/1.1" 200 -
0:0:0:0:0:0:0:1 - - [26/Sep/2019:11:17:10 +0900] "GET /Ch02_Servlet/*.do HTTP/1.1" 200 -
0:0:0:0:0:0:0:1 - - [26/Sep/2019:11:19:15 +0900] "GET /Ch02_Servlet/test/a.nhn HTTP/1.1" 200 -
0:0:0:0:0:0:0:1 - - [26/Sep/2019:11:19:40 +0900] "GET /Ch02_Servlet/test/a.go HTTP/1.1" 200 -
0:0:0:0:0:0:0:1 - - [26/Sep/2019:11:20:16 +0900] "GET /Ch02_Servlet/xyz/a.do HTTP/1.1" 200 -
0:0:0:0:0:0:0:1 - - [26/Sep/2019:11:21:51 +0900] "GET /Ch02_Servlet/xyz.nhn HTTP/1.1" 200 -
0:0:0:0:0:0:0:1 - - [26/Sep/2019:11:22:27 +0900] "GET /Ch02_Servlet/kk.go HTTP/1.1" 200 -
0:0:0:0:0:0:0:1 - - [26/Sep/2019:11:22:50 +0900] "GET /Ch02_Servlet/kk.go HTTP/1.1" 200 -
0:0:0:0:0:0:0:1 - - [26/Sep/2019:11:23:34 +0900] "GET /Ch02_Servlet/my/ss.go HTTP/1.1" 200 -
0:0:0:0:0:0:0:1 - - [26/Sep/2019:11:23:41 +0900] "GET /Ch02_Servlet/my.ss.go HTTP/1.1" 200 -
0:0:0:0:0:0:0:1 - - [26/Sep/2019:11:23:58 +0900] "GET /Ch02_Servlet/adfkjl/aelktjle/fkjd.my.ss.go HTTP/1.1" 200 -
127.0.0.1 - - [26/Sep/2019:11:37:50 +0900] "GET / HTTP/1.1" 404 1074
0:0:0:0:0:0:0:1 - - [26/Sep/2019:11:37:50 +0900] "GET /Ch02_Servlet/postpre HTTP/1.1" 200 -
127.0.0.1 - - [26/Sep/2019:12:20:08 +0900] "GET / HTTP/1.1" 404 1074
0:0:0:0:0:0:0:1 - - [26/Sep/2019:12:20:08 +0900] "GET /Ch02_Servlet/init HTTP/1.1" 200 73
127.0.0.1 - - [26/Sep/2019:12:20:25 +0900] "GET / HTTP/1.1" 404 1074
0:0:0:0:0:0:0:1 - - [26/Sep/2019:12:20:25 +0900] "GET /Ch02_Servlet/init HTTP/1.1" 200 77
127.0.0.1 - - [26/Sep/2019:12:45:42 +0900] "GET / HTTP/1.1" 404 1074
0:0:0:0:0:0:0:1 - - [26/Sep/2019:12:45:43 +0900] "GET /Ch02_Servlet/InitParmAnno HTTP/1.1" 200 -
127.0.0.1 - - [26/Sep/2019:12:46:07 +0900] "GET / HTTP/1.1" 404 1074
0:0:0:0:0:0:0:1 - - [26/Sep/2019:12:46:07 +0900] "GET /Ch02_Servlet/InitParmAnno HTTP/1.1" 200 -
127.0.0.1 - - [26/Sep/2019:12:47:09 +0900] "GET / HTTP/1.1" 404 1074
0:0:0:0:0:0:0:1 - - [26/Sep/2019:12:47:09 +0900] "GET /Ch02_Servlet/InitParmAnno HTTP/1.1" 200 73
127.0.0.1 - - [26/Sep/2019:12:47:26 +0900] "GET / HTTP/1.1" 404 1074
0:0:0:0:0:0:0:1 - - [26/Sep/2019:12:47:26 +0900] "GET /Ch02_Servlet/InitParmAnno HTTP/1.1" 200 77
0:0:0:0:0:0:0:1 - - [26/Sep/2019:12:47:42 +0900] "GET /Ch02_Servlet/InitParmAnno HTTP/1.1" 200 77
127.0.0.1 - - [26/Sep/2019:12:48:09 +0900] "GET / HTTP/1.1" 404 1074
0:0:0:0:0:0:0:1 - - [26/Sep/2019:12:48:10 +0900] "GET /Ch02_Servlet/InitParmAnno HTTP/1.1" 200 77
